04-01 18:49:40.984  1953  9951 E WindowManager: setOnBackInvokedCallback(): No window state for package:com.genhire
04-01 18:56:02.699  1953  5580 E WindowManager: setOnBackInvokedCallback(): No window state for package:com.genhire
04-01 18:56:32.514  1953  2018 D PackageManager: overrideInstallLocation: com.genhire recommendedInstallLocation = 1 installLocation = -1
04-01 18:56:32.521  1953  2018 D PackageManager: Replace existing package: com.genhire
04-01 18:56:32.521  1953  2018 D PackageManager: Existing package for signature checking: PackageSetting{b2ca1ea com.genhire/10197}
04-01 18:56:32.521  1953  2018 D PackageManager: Existing package: PackageSetting{b2ca1ea com.genhire/10197}
04-01 18:56:32.522  1953  2018 D PackageManager: Renaming /data/app/vmdl1243026488.tmp to /data/app/~~HA_Zw3e2eyYZxrQrQqqtpQ==/com.genhire-JmqytZywSZBOz5EqIGYx8A==
04-01 18:56:32.526  1953  2018 D PackageManager: replacePackageLI: new=Package{459fc09 com.genhire}, old=Package{526cdb com.genhire}
04-01 18:56:32.526  1953  1988 I ActivityManager: Force stopping com.genhire appid=10197 user=-1: installPackageLI
04-01 18:56:32.526  1953  2018 D PackageManager: replaceNonSystemPackageLI: new=Package{459fc09 com.genhire}, old=Package{526cdb com.genhire}
04-01 18:56:32.526  1953  1988 I ActivityManager: Killing 6468:com.genhire/u0a197 (adj 0): stop com.genhire due to installPackageLI
04-01 18:56:32.527  1953  1988 W ActivityTaskManager: Force removing ActivityRecord{6cbe300 u0 com.genhire/.MainActivity} t17724 d0 f}}: app died, no saved state
04-01 18:56:32.528  1953  2018 I PackageManager: Update package com.genhire code path from /data/app/~~ndytsDIjIt8sABhbq0CjIg==/com.genhire-FVUvwkfcKjPPl3JOjOG-sg== to /data/app/~~HA_Zw3e2eyYZxrQrQqqtpQ==/com.genhire-JmqytZywSZBOz5EqIGYx8A==; Retain data and using new
04-01 18:56:32.529  1953  2018 I AppsFilter: interaction: PackageSetting{51f8348 io.cordova.ifb/10232} -> PackageSetting{d113e0e com.genhire/10197} BLOCKED
04-01 18:56:32.529  1953  2018 I AppsFilter: interaction: PackageSetting{eedb189 com.genius.payhrms/10220} -> PackageSetting{d113e0e com.genhire/10197} BLOCKED
04-01 18:56:32.529  1953  2018 I AppsFilter: interaction: PackageSetting{42858e com.IMP.IMPS/10234} -> PackageSetting{d113e0e com.genhire/10197} BLOCKED
04-01 18:56:32.529  1953  2018 I AppsFilter: interaction: PackageSetting{ad851af com.IMP.IMPP/10200} -> PackageSetting{d113e0e com.genhire/10197} BLOCKED
04-01 18:56:32.529  1953  2018 I AppsFilter: interaction: PackageSetting{35849bc com.genius.employee/10205} -> PackageSetting{d113e0e com.genhire/10197} BLOCKED
04-01 18:56:32.529  1953  2018 I AppsFilter: interaction: PackageSetting{676dd45 com.gigv2/10245} -> PackageSetting{d113e0e com.genhire/10197} BLOCKED
04-01 18:56:32.529  1953  2018 I AppsFilter: interaction: PackageSetting{656c9a com.clr/10242} -> PackageSetting{d113e0e com.genhire/10197} BLOCKED
04-01 18:56:32.529  1953  2018 I AppsFilter: interaction: PackageSetting{b6259cb com.genius.imfa/10196} -> PackageSetting{d113e0e com.genhire/10197} BLOCKED
04-01 18:56:32.529  1953  2018 I AppsFilter: interaction: PackageSetting{e3e45a8 com.bgc_fe/10236} -> PackageSetting{d113e0e com.genhire/10197} BLOCKED
04-01 18:56:32.529  1953  2018 I AppsFilter: interaction: PackageSetting{1ad08c1 com.opensissas/10199} -> PackageSetting{d113e0e com.genhire/10197} BLOCKED
04-01 18:56:32.529  1953  2018 I AppsFilter: interaction: PackageSetting{59db866 com.opensis_v2/10203} -> PackageSetting{d113e0e com.genhire/10197} BLOCKED
04-01 18:56:32.529  1953  2018 I AppsFilter: interaction: PackageSetting{73ac7a7 com.anonymous.ifb_v2/10237} -> PackageSetting{d113e0e com.genhire/10197} BLOCKED
04-01 18:56:32.529  1953  2018 I AppsFilter: interaction: PackageSetting{f061454 com.pacificstudentteacher/10192} -> PackageSetting{d113e0e com.genhire/10197} BLOCKED
04-01 18:56:32.529  1953  2018 I AppsFilter: interaction: PackageSetting{cc06ffd com.ejobindia/10231} -> PackageSetting{d113e0e com.genhire/10197} BLOCKED
04-01 18:56:32.529  1953  2018 I AppsFilter: interaction: PackageSetting{abcf4f2 com.geniusgig/10244} -> PackageSetting{d113e0e com.genhire/10197} BLOCKED
04-01 18:56:32.529  1953  2018 I AppsFilter: interaction: PackageSetting{a423743 io.cordova.myapp00d753/10221} -> PackageSetting{d113e0e com.genhire/10197} BLOCKED
04-01 18:56:32.529  1953  2018 I AppsFilter: interaction: PackageSetting{bda21c0 com.geniuspayhr.himadri/10219} -> PackageSetting{d113e0e com.genhire/10197} BLOCKED
04-01 18:56:32.529  1953  2018 I AppsFilter: interaction: PackageSetting{ca90ef9 com.genius.ifbretailer/10223} -> PackageSetting{d113e0e com.genhire/10197} BLOCKED
04-01 18:56:32.529  1953  2018 I AppsFilter: interaction: PackageSetting{4216e3e com.IMP.IMPSV2/10229} -> PackageSetting{d113e0e com.genhire/10197} BLOCKED
04-01 18:56:32.529  1953  2018 D PackageManager: Removing non-system package: com.genhire
04-01 18:56:32.529  1953  2018 I AppsFilter: interaction: PackageSetting{51f8348 io.cordova.ifb/10232} -> PackageSetting{b2ca1ea com.genhire/10197} BLOCKED
04-01 18:56:32.529  1953  2018 I AppsFilter: interaction: PackageSetting{eedb189 com.genius.payhrms/10220} -> PackageSetting{b2ca1ea com.genhire/10197} BLOCKED
04-01 18:56:32.529  1953  2018 I AppsFilter: interaction: PackageSetting{42858e com.IMP.IMPS/10234} -> PackageSetting{b2ca1ea com.genhire/10197} BLOCKED
04-01 18:56:32.529  1953  2018 I AppsFilter: interaction: PackageSetting{ad851af com.IMP.IMPP/10200} -> PackageSetting{b2ca1ea com.genhire/10197} BLOCKED
04-01 18:56:32.529  1953  2018 I AppsFilter: interaction: PackageSetting{35849bc com.genius.employee/10205} -> PackageSetting{b2ca1ea com.genhire/10197} BLOCKED
04-01 18:56:32.529  1953  2018 I AppsFilter: interaction: PackageSetting{676dd45 com.gigv2/10245} -> PackageSetting{b2ca1ea com.genhire/10197} BLOCKED
04-01 18:56:32.529  1953  2018 I AppsFilter: interaction: PackageSetting{656c9a com.clr/10242} -> PackageSetting{b2ca1ea com.genhire/10197} BLOCKED
04-01 18:56:32.529  1953  2018 I AppsFilter: interaction: PackageSetting{b6259cb com.genius.imfa/10196} -> PackageSetting{b2ca1ea com.genhire/10197} BLOCKED
04-01 18:56:32.529  1953  2018 I AppsFilter: interaction: PackageSetting{e3e45a8 com.bgc_fe/10236} -> PackageSetting{b2ca1ea com.genhire/10197} BLOCKED
04-01 18:56:32.529  1953  2018 I AppsFilter: interaction: PackageSetting{1ad08c1 com.opensissas/10199} -> PackageSetting{b2ca1ea com.genhire/10197} BLOCKED
04-01 18:56:32.529  1953  2018 I AppsFilter: interaction: PackageSetting{59db866 com.opensis_v2/10203} -> PackageSetting{b2ca1ea com.genhire/10197} BLOCKED
04-01 18:56:32.529  1953  2018 I AppsFilter: interaction: PackageSetting{73ac7a7 com.anonymous.ifb_v2/10237} -> PackageSetting{b2ca1ea com.genhire/10197} BLOCKED
04-01 18:56:32.529  1953  2018 I AppsFilter: interaction: PackageSetting{f061454 com.pacificstudentteacher/10192} -> PackageSetting{b2ca1ea com.genhire/10197} BLOCKED
04-01 18:56:32.529  1953  2018 I AppsFilter: interaction: PackageSetting{cc06ffd com.ejobindia/10231} -> PackageSetting{b2ca1ea com.genhire/10197} BLOCKED
04-01 18:56:32.529  1953  2018 I AppsFilter: interaction: PackageSetting{abcf4f2 com.geniusgig/10244} -> PackageSetting{b2ca1ea com.genhire/10197} BLOCKED
04-01 18:56:32.529  1953  2018 I AppsFilter: interaction: PackageSetting{a423743 io.cordova.myapp00d753/10221} -> PackageSetting{b2ca1ea com.genhire/10197} BLOCKED
04-01 18:56:32.529  1953  2018 I AppsFilter: interaction: PackageSetting{bda21c0 com.geniuspayhr.himadri/10219} -> PackageSetting{b2ca1ea com.genhire/10197} BLOCKED
04-01 18:56:32.530  1953  2018 I AppsFilter: interaction: PackageSetting{ca90ef9 com.genius.ifbretailer/10223} -> PackageSetting{b2ca1ea com.genhire/10197} BLOCKED
04-01 18:56:32.530  1953  2018 I AppsFilter: interaction: PackageSetting{4216e3e com.IMP.IMPSV2/10229} -> PackageSetting{b2ca1ea com.genhire/10197} BLOCKED
04-01 18:56:32.530  1953  2018 D PackageManager: removePackageDataLI: PackageSetting{b2ca1ea com.genhire/10197}
04-01 18:56:32.564  1953  2018 D PackageManager: New package installed in /data/app/~~HA_Zw3e2eyYZxrQrQqqtpQ==/com.genhire-JmqytZywSZBOz5EqIGYx8A==
04-01 18:56:32.708  1953  2179 V ActivityManager: Got obituary of 6468:com.genhire
04-01 18:56:32.713  1953  2018 I AppsFilter: interaction: PackageSetting{51f8348 io.cordova.ifb/10232} -> PackageSetting{b2ca1ea com.genhire/10197} BLOCKED
04-01 18:56:32.713  1953  2018 I AppsFilter: interaction: PackageSetting{eedb189 com.genius.payhrms/10220} -> PackageSetting{b2ca1ea com.genhire/10197} BLOCKED
04-01 18:56:32.713  1953  2018 I AppsFilter: interaction: PackageSetting{42858e com.IMP.IMPS/10234} -> PackageSetting{b2ca1ea com.genhire/10197} BLOCKED
04-01 18:56:32.713  1953  2018 I AppsFilter: interaction: PackageSetting{ad851af com.IMP.IMPP/10200} -> PackageSetting{b2ca1ea com.genhire/10197} BLOCKED
04-01 18:56:32.713  1953  2018 I AppsFilter: interaction: PackageSetting{35849bc com.genius.employee/10205} -> PackageSetting{b2ca1ea com.genhire/10197} BLOCKED
04-01 18:56:32.713  1953  2018 I AppsFilter: interaction: PackageSetting{676dd45 com.gigv2/10245} -> PackageSetting{b2ca1ea com.genhire/10197} BLOCKED
04-01 18:56:32.713  1953  2018 I AppsFilter: interaction: PackageSetting{656c9a com.clr/10242} -> PackageSetting{b2ca1ea com.genhire/10197} BLOCKED
04-01 18:56:32.713  1953  2018 I AppsFilter: interaction: PackageSetting{b6259cb com.genius.imfa/10196} -> PackageSetting{b2ca1ea com.genhire/10197} BLOCKED
04-01 18:56:32.713  1953  2018 I AppsFilter: interaction: PackageSetting{e3e45a8 com.bgc_fe/10236} -> PackageSetting{b2ca1ea com.genhire/10197} BLOCKED
04-01 18:56:32.713  1953  2018 I AppsFilter: interaction: PackageSetting{1ad08c1 com.opensissas/10199} -> PackageSetting{b2ca1ea com.genhire/10197} BLOCKED
04-01 18:56:32.713  1953  2018 I AppsFilter: interaction: PackageSetting{59db866 com.opensis_v2/10203} -> PackageSetting{b2ca1ea com.genhire/10197} BLOCKED
04-01 18:56:32.713  1953  2018 I AppsFilter: interaction: PackageSetting{73ac7a7 com.anonymous.ifb_v2/10237} -> PackageSetting{b2ca1ea com.genhire/10197} BLOCKED
04-01 18:56:32.713  1953  2018 I AppsFilter: interaction: PackageSetting{f061454 com.pacificstudentteacher/10192} -> PackageSetting{b2ca1ea com.genhire/10197} BLOCKED
04-01 18:56:32.713  1953  2018 I AppsFilter: interaction: PackageSetting{cc06ffd com.ejobindia/10231} -> PackageSetting{b2ca1ea com.genhire/10197} BLOCKED
04-01 18:56:32.713  1953  2018 I AppsFilter: interaction: PackageSetting{abcf4f2 com.geniusgig/10244} -> PackageSetting{b2ca1ea com.genhire/10197} BLOCKED
04-01 18:56:32.713  1953  2018 I AppsFilter: interaction: PackageSetting{a423743 io.cordova.myapp00d753/10221} -> PackageSetting{b2ca1ea com.genhire/10197} BLOCKED
04-01 18:56:32.713  1953  2018 I AppsFilter: interaction: PackageSetting{bda21c0 com.geniuspayhr.himadri/10219} -> PackageSetting{b2ca1ea com.genhire/10197} BLOCKED
04-01 18:56:32.714  1953  2018 I AppsFilter: interaction: PackageSetting{ca90ef9 com.genius.ifbretailer/10223} -> PackageSetting{b2ca1ea com.genhire/10197} BLOCKED
04-01 18:56:32.714  1953  2018 I AppsFilter: interaction: PackageSetting{4216e3e com.IMP.IMPSV2/10229} -> PackageSetting{b2ca1ea com.genhire/10197} BLOCKED
04-01 18:56:32.726  1953  2018 I ActivityManager: Force stopping com.genhire appid=10197 user=0: pkg removed
04-01 18:56:32.871  1953  1953 I Telecom : CarModeTracker: Package com.genhire is not tracked.: SSH.oR@Als
04-01 18:56:32.929  1953  2128 D SSense.AppInfoUtil: new APK:com.genhire is installed! for userId:0
04-01 18:56:33.002  1953  2128 D SSense.AppInfoUtil: new APK:com.genhire is installed! for userId:0
04-01 18:56:33.003  1953  1953 W AlarmManager: Package com.genhire, uid 10197 lost permission to set exact alarms!
04-01 18:56:33.070  1953  2015 E VerityUtils: Failed to measure fs-verity, errno 1: /data/app/~~HA_Zw3e2eyYZxrQrQqqtpQ==/com.genhire-JmqytZywSZBOz5EqIGYx8A==/base.apk
04-01 18:56:33.434  1953  1967 I ActivityTaskManager: START u0 {act=android.intent.action.MAIN cat=[android.intent.category.LAUNCHER] flg=0x10000000 cmp=com.genhire/.MainActivity} from uid 2000, pid 8847
04-01 18:56:33.442  1953  2312 D PerformanceDatabaseControl: queryMem pkgName = com.genhire
04-01 18:56:33.443  1953  2312 D AppStartScene: doFastKillForAppStart:com.genhire,memAvail:88
04-01 18:56:33.446  1953  1967 I ActivityTaskManager: ->startActivity for ActivityRecord{1b0befb u0 com.genhire/.MainActivity} t17725 d0} result:START_SUCCESS
04-01 18:56:33.451  1953  1989 D ActivityManager: asking zygote to start proc:ProcessRecord{5ca8356 0:com.genhire/u0a197}
04-01 18:56:33.452  1953  1989 D PreforkProcessScene: handlePreforkStartProcess,args:PreforkArgs entryPoint= android.app.ActivityThread ,niceName = com.genhire ,uid = 10197 ,gid = 10197 ,gids = [I@5c24fd7 ,runtimeFlags = 17377539 ,mountExternal = 1 ,targetSdkVersion = 35 ,seInfo = default:targetSdkVersion=35:complete ,abi = arm64-v8a ,instructionSet = arm64 ,appDataDir = /data/user/0/com.genhire ,invokeWith = null ,pkgName = com.genhire, zygotePolicyFlags = 1, isTopApp = true, mDisabledCompatChanges = 132649864135634846135772972143231523143539591161145287162547999166236554168419799169897160170233598174042936174042980174043039174227820174228127176926741176926753176926771176926829177438394178038272180326787180326845181136395182811243184838306185004937189229956189969734189969744189969749189969779189969782189970036189970038189970040191513214196254758210856463226439802288912692351566728418924588424093067, pkgDataInfoMap = {com.genhire=Pair{null 478728}}, whitelistedAppDataInfoMap = {com.google.android.gms=Pair{null 3049}}, bindMountAppStorageDirs = false, bindMountAppsData = true ,zygoteArgs = seq=494
04-01 18:56:33.452  1953  1989 D PreforkProcessScene: isPackageSupportPreFork, procName:com.genhire,isSupport:false
04-01 18:56:33.466  1953  2459 D CoreBackPreview: Window{8037ee2 u0 Splash Screen com.genhire}: Setting back callback OnBackInvokedCallbackInfo{mCallback=android.window.IOnBackInvokedCallback$Stub$Proxy@6a31530, mPriority=0}
04-01 18:56:33.468  1953  1989 I ActivityManager: Start proc 8864:com.genhire/u0a197 for next-top-activity {com.genhire/com.genhire.MainActivity}
04-01 18:56:33.594  1953  3083 D WindowManager: setFocusedApp mFocusedApp = ActivityRecord{1b0befb u0 com.genhire/.MainActivity} t17725 d0}displayId = 0Callers = com.android.server.wm.ActivityTaskManagerService.setResumedActivityUncheckLocked:4587 com.android.server.wm.TaskFragment.onActivityStateChanged:826 com.android.server.wm.ActivityRecord.setState:5477 com.android.server.wm.Task.minimalResumeActivityLocked:4804 
04-01 18:56:33.612  1953  2015 E VerityUtils: Failed to measure fs-verity, errno 1: /data/app/~~HA_Zw3e2eyYZxrQrQqqtpQ==/com.genhire-JmqytZywSZBOz5EqIGYx8A==/base.apk
04-01 18:56:34.785  1953  2018 I AppsFilter: interaction: PackageSetting{ec67fd8 com.genhire/10197} -> PackageSetting{b3b5ebb com.microsoft.teams/10198} BLOCKED
04-01 18:56:34.936  1953  2315 D PowerController.BgClean: new APK:com.genhire is installed! for userId:0
04-01 18:56:34.958  1953  2031 D CoreBackPreview: Window{5e27d94 u0 com.genhire/com.genhire.MainActivity}: Setting back callback OnBackInvokedCallbackInfo{mCallback=android.window.IOnBackInvokedCallback$Stub$Proxy@cf4a032, mPriority=0}
04-01 18:56:35.005  1953  2315 D PowerController.BgClean: new APK:com.genhire is installed! for userId:0
04-01 18:56:35.448  1953  2031 D CoreBackPreview: Window{8037ee2 u0 Splash Screen com.genhire EXITING}: Setting back callback null
04-01 18:56:35.625  1953  2312 D PerformanceDatabaseControl: queryMem pkgName = com.genhire
04-01 18:56:35.626  1953  2312 D PerformanceDatabaseControl: queryCount pkgName = com.genhire
04-01 18:56:35.626  1953  2312 D PerformanceDatabaseControl: updateDatabase pkgName = com.genhire
04-01 18:56:35.641  1953  2312 D AppStartScene: updateAPPMem:pkgName= com.genhire,memAvail:92
04-01 18:56:39.647  8864  8969 F libc    : Fatal signal 6 (SIGABRT), code -1 (SI_QUEUE) in tid 8969 (mqt_v_js), pid 8864 (com.genhire)
04-01 18:56:40.155  8994  8994 F DEBUG   : Cmdline: com.genhire
04-01 18:56:40.155  8994  8994 F DEBUG   : pid: 8864, tid: 8969, name: mqt_v_js  >>> com.genhire <<<
04-01 18:56:40.156  8994  8994 F DEBUG   :       #04 pc 0000000000c59294  /data/app/~~HA_Zw3e2eyYZxrQrQqqtpQ==/com.genhire-JmqytZywSZBOz5EqIGYx8A==/base.apk!libreactnative.so (react_native_assert_fail+104) (BuildId: 1c5e136921fb55a5)
04-01 18:56:40.156  8994  8994 F DEBUG   :       #05 pc 0000000000782aa4  /data/app/~~HA_Zw3e2eyYZxrQrQqqtpQ==/com.genhire-JmqytZywSZBOz5EqIGYx8A==/base.apk!libappmodules.so (facebook::react::RNSScreenComponentDescriptor::adopt(facebook::react::ShadowNode&) const+428) (BuildId: fac104f613d0df7d7b5d4f574b211ae48603b523)
04-01 18:56:40.156  8994  8994 F DEBUG   :       #06 pc 0000000000782104  /data/app/~~HA_Zw3e2eyYZxrQrQqqtpQ==/com.genhire-JmqytZywSZBOz5EqIGYx8A==/base.apk!libappmodules.so (facebook::react::ConcreteComponentDescriptor<facebook::react::RNSScreenShadowNode>::createShadowNode(facebook::react::ShadowNodeFragment const&, std::__ndk1::shared_ptr<facebook::react::ShadowNodeFamily const> const&) const+136) (BuildId: fac104f613d0df7d7b5d4f574b211ae48603b523)
04-01 18:56:40.156  8994  8994 F DEBUG   :       #07 pc 0000000000e5d1ec  /data/app/~~HA_Zw3e2eyYZxrQrQqqtpQ==/com.genhire-JmqytZywSZBOz5EqIGYx8A==/base.apk!libreactnative.so (facebook::react::UIManager::createNode(int, std::__ndk1::basic_string<char, std::__ndk1::char_traits<char>, std::__ndk1::allocator<char> > const&, int, facebook::react::RawProps, std::__ndk1::shared_ptr<facebook::react::InstanceHandle const>) const+728) (BuildId: 1c5e136921fb55a5)
04-01 18:56:40.156  8994  8994 F DEBUG   :       #08 pc 0000000000e86e70  /data/app/~~HA_Zw3e2eyYZxrQrQqqtpQ==/com.genhire-JmqytZywSZBOz5EqIGYx8A==/base.apk!libreactnative.so (BuildId: 1c5e136921fb55a5)
04-01 18:56:40.156  8994  8994 F DEBUG   :       #09 pc 0000000000e86d0c  /data/app/~~HA_Zw3e2eyYZxrQrQqqtpQ==/com.genhire-JmqytZywSZBOz5EqIGYx8A==/base.apk!libreactnative.so (BuildId: 1c5e136921fb55a5)
04-01 18:56:40.156  8994  8994 F DEBUG   :       #10 pc 0000000000e86c98  /data/app/~~HA_Zw3e2eyYZxrQrQqqtpQ==/com.genhire-JmqytZywSZBOz5EqIGYx8A==/base.apk!libreactnative.so (BuildId: 1c5e136921fb55a5)
04-01 18:56:40.156  8994  8994 F DEBUG   :       #11 pc 0000000000e86c4c  /data/app/~~HA_Zw3e2eyYZxrQrQqqtpQ==/com.genhire-JmqytZywSZBOz5EqIGYx8A==/base.apk!libreactnative.so (BuildId: 1c5e136921fb55a5)
04-01 18:56:40.156  8994  8994 F DEBUG   :       #12 pc 0000000000e85d34  /data/app/~~HA_Zw3e2eyYZxrQrQqqtpQ==/com.genhire-JmqytZywSZBOz5EqIGYx8A==/base.apk!libreactnative.so (BuildId: 1c5e136921fb55a5)
04-01 18:56:40.156  8994  8994 F DEBUG   :       #13 pc 00000000000d962c  /data/app/~~HA_Zw3e2eyYZxrQrQqqtpQ==/com.genhire-JmqytZywSZBOz5EqIGYx8A==/base.apk!libhermes.so (BuildId: 8d7e075d46ac1486c55ad194a286861af120e57e)
04-01 18:56:40.156  8994  8994 F DEBUG   :       #14 pc 0000000000162530  /data/app/~~HA_Zw3e2eyYZxrQrQqqtpQ==/com.genhire-JmqytZywSZBOz5EqIGYx8A==/base.apk!libhermes.so (BuildId: 8d7e075d46ac1486c55ad194a286861af120e57e)
04-01 18:56:40.156  8994  8994 F DEBUG   :       #15 pc 000000000018379c  /data/app/~~HA_Zw3e2eyYZxrQrQqqtpQ==/com.genhire-JmqytZywSZBOz5EqIGYx8A==/base.apk!libhermes.so (BuildId: 8d7e075d46ac1486c55ad194a286861af120e57e)
04-01 18:56:40.156  8994  8994 F DEBUG   :       #16 pc 0000000000182ca4  /data/app/~~HA_Zw3e2eyYZxrQrQqqtpQ==/com.genhire-JmqytZywSZBOz5EqIGYx8A==/base.apk!libhermes.so (BuildId: 8d7e075d46ac1486c55ad194a286861af120e57e)
04-01 18:56:40.156  8994  8994 F DEBUG   :       #17 pc 0000000000162aa8  /data/app/~~HA_Zw3e2eyYZxrQrQqqtpQ==/com.genhire-JmqytZywSZBOz5EqIGYx8A==/base.apk!libhermes.so (BuildId: 8d7e075d46ac1486c55ad194a286861af120e57e)
04-01 18:56:40.156  8994  8994 F DEBUG   :       #18 pc 0000000000161fc8  /data/app/~~HA_Zw3e2eyYZxrQrQqqtpQ==/com.genhire-JmqytZywSZBOz5EqIGYx8A==/base.apk!libhermes.so (BuildId: 8d7e075d46ac1486c55ad194a286861af120e57e)
04-01 18:56:40.156  8994  8994 F DEBUG   :       #19 pc 00000000000d20d4  /data/app/~~HA_Zw3e2eyYZxrQrQqqtpQ==/com.genhire-JmqytZywSZBOz5EqIGYx8A==/base.apk!libhermes.so (BuildId: 8d7e075d46ac1486c55ad194a286861af120e57e)
04-01 18:56:40.156  8994  8994 F DEBUG   :       #20 pc 0000000000943338  /data/app/~~HA_Zw3e2eyYZxrQrQqqtpQ==/com.genhire-JmqytZywSZBOz5EqIGYx8A==/base.apk!libreactnative.so (facebook::jsi::Function::call(facebook::jsi::Runtime&, facebook::jsi::Value const*, unsigned long) const+104) (BuildId: 1c5e136921fb55a5)
04-01 18:56:40.156  8994  8994 F DEBUG   :       #21 pc 0000000000943284  /data/app/~~HA_Zw3e2eyYZxrQrQqqtpQ==/com.genhire-JmqytZywSZBOz5EqIGYx8A==/base.apk!libreactnative.so (facebook::jsi::Function::call(facebook::jsi::Runtime&, std::initializer_list<facebook::jsi::Value>) const+104) (BuildId: 1c5e136921fb55a5)
04-01 18:56:40.156  8994  8994 F DEBUG   :       #22 pc 0000000000e04ea8  /data/app/~~HA_Zw3e2eyYZxrQrQqqtpQ==/com.genhire-JmqytZywSZBOz5EqIGYx8A==/base.apk!libreactnative.so (facebook::react::Task::execute(facebook::jsi::Runtime&, bool)+232) (BuildId: 1c5e136921fb55a5)
04-01 18:56:40.156  8994  8994 F DEBUG   :       #23 pc 0000000000dfc508  /data/app/~~HA_Zw3e2eyYZxrQrQqqtpQ==/com.genhire-JmqytZywSZBOz5EqIGYx8A==/base.apk!libreactnative.so (facebook::react::RuntimeScheduler_Modern::executeTask(facebook::jsi::Runtime&, facebook::react::Task&, bool) const+132) (BuildId: 1c5e136921fb55a5)
04-01 18:56:40.156  8994  8994 F DEBUG   :       #24 pc 0000000000dfcfec  /data/app/~~HA_Zw3e2eyYZxrQrQqqtpQ==/com.genhire-JmqytZywSZBOz5EqIGYx8A==/base.apk!libreactnative.so (facebook::react::RuntimeScheduler_Modern::runEventLoopTick(facebook::jsi::Runtime&, facebook::react::Task&, std::__ndk1::chrono::time_point<std::__ndk1::chrono::steady_clock, std::__ndk1::chrono::duration<long long, std::__ndk1::ratio<1l, 1000000000l> > >)+224) (BuildId: 1c5e136921fb55a5)
04-01 18:56:40.156  8994  8994 F DEBUG   :       #25 pc 0000000000dfcc84  /data/app/~~HA_Zw3e2eyYZxrQrQqqtpQ==/com.genhire-JmqytZywSZBOz5EqIGYx8A==/base.apk!libreactnative.so (facebook::react::RuntimeScheduler_Modern::runEventLoop(facebook::jsi::Runtime&, bool)+192) (BuildId: 1c5e136921fb55a5)
04-01 18:56:40.156  8994  8994 F DEBUG   :       #26 pc 0000000000e0493c  /data/app/~~HA_Zw3e2eyYZxrQrQqqtpQ==/com.genhire-JmqytZywSZBOz5EqIGYx8A==/base.apk!libreactnative.so (BuildId: 1c5e136921fb55a5)
04-01 18:56:40.156  8994  8994 F DEBUG   :       #27 pc 0000000000e04908  /data/app/~~HA_Zw3e2eyYZxrQrQqqtpQ==/com.genhire-JmqytZywSZBOz5EqIGYx8A==/base.apk!libreactnative.so (BuildId: 1c5e136921fb55a5)
04-01 18:56:40.156  8994  8994 F DEBUG   :       #28 pc 0000000000e048b8  /data/app/~~HA_Zw3e2eyYZxrQrQqqtpQ==/com.genhire-JmqytZywSZBOz5EqIGYx8A==/base.apk!libreactnative.so (BuildId: 1c5e136921fb55a5)
04-01 18:56:40.156  8994  8994 F DEBUG   :       #29 pc 0000000000e0488c  /data/app/~~HA_Zw3e2eyYZxrQrQqqtpQ==/com.genhire-JmqytZywSZBOz5EqIGYx8A==/base.apk!libreactnative.so (BuildId: 1c5e136921fb55a5)
04-01 18:56:40.156  8994  8994 F DEBUG   :       #30 pc 0000000000e0397c  /data/app/~~HA_Zw3e2eyYZxrQrQqqtpQ==/com.genhire-JmqytZywSZBOz5EqIGYx8A==/base.apk!libreactnative.so (BuildId: 1c5e136921fb55a5)
04-01 18:56:40.156  8994  8994 F DEBUG   :       #31 pc 000000000092c3bc  /data/app/~~HA_Zw3e2eyYZxrQrQqqtpQ==/com.genhire-JmqytZywSZBOz5EqIGYx8A==/base.apk!libreactnative.so (BuildId: 1c5e136921fb55a5)
04-01 18:56:40.156  8994  8994 F DEBUG   :       #32 pc 000000000092c268  /data/app/~~HA_Zw3e2eyYZxrQrQqqtpQ==/com.genhire-JmqytZywSZBOz5EqIGYx8A==/base.apk!libreactnative.so (BuildId: 1c5e136921fb55a5)
04-01 18:56:40.156  8994  8994 F DEBUG   :       #33 pc 000000000092bfac  /data/app/~~HA_Zw3e2eyYZxrQrQqqtpQ==/com.genhire-JmqytZywSZBOz5EqIGYx8A==/base.apk!libreactnative.so (BuildId: 1c5e136921fb55a5)
04-01 18:56:40.156  8994  8994 F DEBUG   :       #34 pc 000000000092bf14  /data/app/~~HA_Zw3e2eyYZxrQrQqqtpQ==/com.genhire-JmqytZywSZBOz5EqIGYx8A==/base.apk!libreactnative.so (BuildId: 1c5e136921fb55a5)
04-01 18:56:40.156  8994  8994 F DEBUG   :       #35 pc 000000000092becc  /data/app/~~HA_Zw3e2eyYZxrQrQqqtpQ==/com.genhire-JmqytZywSZBOz5EqIGYx8A==/base.apk!libreactnative.so (BuildId: 1c5e136921fb55a5)
04-01 18:56:40.156  8994  8994 F DEBUG   :       #36 pc 000000000092bea8  /data/app/~~HA_Zw3e2eyYZxrQrQqqtpQ==/com.genhire-JmqytZywSZBOz5EqIGYx8A==/base.apk!libreactnative.so (BuildId: 1c5e136921fb55a5)
04-01 18:56:40.156  8994  8994 F DEBUG   :       #37 pc 000000000092af40  /data/app/~~HA_Zw3e2eyYZxrQrQqqtpQ==/com.genhire-JmqytZywSZBOz5EqIGYx8A==/base.apk!libreactnative.so (BuildId: 1c5e136921fb55a5)
04-01 18:56:40.156  8994  8994 F DEBUG   :       #38 pc 0000000000aa0b34  /data/app/~~HA_Zw3e2eyYZxrQrQqqtpQ==/com.genhire-JmqytZywSZBOz5EqIGYx8A==/base.apk!libreactnative.so (BuildId: 1c5e136921fb55a5)
04-01 18:56:40.156  8994  8994 F DEBUG   :       #39 pc 0000000000aa0af8  /data/app/~~HA_Zw3e2eyYZxrQrQqqtpQ==/com.genhire-JmqytZywSZBOz5EqIGYx8A==/base.apk!libreactnative.so (BuildId: 1c5e136921fb55a5)
04-01 18:56:40.156  8994  8994 F DEBUG   :       #40 pc 0000000000ef91e8  /data/app/~~HA_Zw3e2eyYZxrQrQqqtpQ==/com.genhire-JmqytZywSZBOz5EqIGYx8A==/base.apk!libreactnative.so (BuildId: 1c5e136921fb55a5)
04-01 18:56:40.156  8994  8994 F DEBUG   :       #41 pc 0000000000ef918c  /data/app/~~HA_Zw3e2eyYZxrQrQqqtpQ==/com.genhire-JmqytZywSZBOz5EqIGYx8A==/base.apk!libreactnative.so (BuildId: 1c5e136921fb55a5)
04-01 18:56:40.156  8994  8994 F DEBUG   :       #42 pc 0000000000ef9144  /data/app/~~HA_Zw3e2eyYZxrQrQqqtpQ==/com.genhire-JmqytZywSZBOz5EqIGYx8A==/base.apk!libreactnative.so (BuildId: 1c5e136921fb55a5)
04-01 18:56:40.156  8994  8994 F DEBUG   :       #43 pc 0000000000ef9120  /data/app/~~HA_Zw3e2eyYZxrQrQqqtpQ==/com.genhire-JmqytZywSZBOz5EqIGYx8A==/base.apk!libreactnative.so (BuildId: 1c5e136921fb55a5)
04-01 18:56:40.156  8994  8994 F DEBUG   :       #44 pc 0000000000ef828c  /data/app/~~HA_Zw3e2eyYZxrQrQqqtpQ==/com.genhire-JmqytZywSZBOz5EqIGYx8A==/base.apk!libreactnative.so (BuildId: 1c5e136921fb55a5)
04-01 18:56:40.156  8994  8994 F DEBUG   :       #45 pc 0000000000017dd0  /data/app/~~HA_Zw3e2eyYZxrQrQqqtpQ==/com.genhire-JmqytZywSZBOz5EqIGYx8A==/base.apk!libfbjni.so (facebook::jni::detail::MethodWrapper<void (facebook::jni::JNativeRunnable::*)(), &(facebook::jni::JNativeRunnable::run()), facebook::jni::JNativeRunnable, void>::dispatch(facebook::jni::alias_ref<facebook::jni::detail::JTypeFor<facebook::jni::HybridClass<facebook::jni::JNativeRunnable, facebook::jni::JRunnable>::JavaPart, facebook::jni::JRunnable, void>::_javaobject*>)+72) (BuildId: e438f6554af1d86b210a05412e96c4251e570157)
04-01 18:56:40.156  8994  8994 F DEBUG   :       #46 pc 0000000000017d10  /data/app/~~HA_Zw3e2eyYZxrQrQqqtpQ==/com.genhire-JmqytZywSZBOz5EqIGYx8A==/base.apk!libfbjni.so (facebook::jni::detail::FunctionWrapper<void (*)(facebook::jni::alias_ref<facebook::jni::detail::JTypeFor<facebook::jni::HybridClass<facebook::jni::JNativeRunnable, facebook::jni::JRunnable>::JavaPart, facebook::jni::JRunnable, void>::_javaobject*>), facebook::jni::detail::JTypeFor<facebook::jni::HybridClass<facebook::jni::JNativeRunnable, facebook::jni::JRunnable>::JavaPart, facebook::jni::JRunnable, void>::_javaobject*, void>::call(_JNIEnv*, _jobject*, void (*)(facebook::jni::alias_ref<facebook::jni::detail::JTypeFor<facebook::jni::HybridClass<facebook::jni::JNativeRunnable, facebook::jni::JRunnable>::JavaPart, facebook::jni::JRunnable, void>::_javaobject*>))+60) (BuildId: e438f6554af1d86b210a05412e96c4251e570157)
04-01 18:56:40.156  8994  8994 F DEBUG   :       #54 pc 0000000000468cb8  [anon:dalvik-classes.dex extracted in memory from /data/app/~~HA_Zw3e2eyYZxrQrQqqtpQ==/com.genhire-JmqytZywSZBOz5EqIGYx8A==/base.apk] (com.facebook.react.bridge.queue.MessageQueueThreadHandler.dispatchMessage+0)
04-01 18:56:40.156  8994  8994 F DEBUG   :       #64 pc 0000000000469018  [anon:dalvik-classes.dex extracted in memory from /data/app/~~HA_Zw3e2eyYZxrQrQqqtpQ==/com.genhire-JmqytZywSZBOz5EqIGYx8A==/base.apk] (com.facebook.react.bridge.queue.MessageQueueThreadImpl$Companion.startNewBackgroundThread$lambda$1+0)
04-01 18:56:40.156  8994  8994 F DEBUG   :       #69 pc 0000000000468f90  [anon:dalvik-classes.dex extracted in memory from /data/app/~~HA_Zw3e2eyYZxrQrQqqtpQ==/com.genhire-JmqytZywSZBOz5EqIGYx8A==/base.apk] (com.facebook.react.bridge.queue.MessageQueueThreadImpl$Companion.$r8$lambda$ldnZnqelhYFctGaUKkOKYj5rxo4+0)
04-01 18:56:40.156  8994  8994 F DEBUG   :       #74 pc 0000000000468d90  [anon:dalvik-classes.dex extracted in memory from /data/app/~~HA_Zw3e2eyYZxrQrQqqtpQ==/com.genhire-JmqytZywSZBOz5EqIGYx8A==/base.apk] (com.facebook.react.bridge.queue.MessageQueueThreadImpl$Companion$$ExternalSyntheticLambda0.run+0)
04-01 18:56:40.193  1953  9001 W ActivityTaskManager:   Force finishing activity com.genhire/.MainActivity
04-01 18:56:40.299  1953  2031 I ActivityManager: Process com.genhire (pid 8864) has died: prcp TOP 
04-01 18:56:40.300  1953  3083 I WindowManager: WIN DEATH: Window{5e27d94 u0 com.genhire/com.genhire.MainActivity}
04-01 18:56:40.336  1953  1982 W WindowManager: Failed to deliver inset state change to w=Window{5e27d94 u0 com.genhire/com.genhire.MainActivity EXITING}
04-01 18:56:40.347  1953  1982 W WindowManager: Exception thrown during dispatchAppVisibility Window{5e27d94 u0 com.genhire/com.genhire.MainActivity EXITING}
04-01 18:56:46.352  1953  1967 I ActivityTaskManager: START u0 {act=android.intent.action.MAIN cat=[android.intent.category.LAUNCHER] flg=0x10100000 cmp=com.genhire/.MainActivity} from uid 2000, pid -1
04-01 18:56:46.357  1953  2312 D PerformanceDatabaseControl: queryMem pkgName = com.genhire
04-01 18:56:46.358  1953  1967 I ActivityTaskManager: ->startActivity for ActivityRecord{dcd1a8b u0 com.genhire/.MainActivity} t17725 d0} result:START_SUCCESS
04-01 18:56:46.358  1953  2312 D AppStartScene: doFastKillForAppStart:com.genhire,memAvail:92
04-01 18:56:46.363  1953  1989 D ActivityManager: asking zygote to start proc:ProcessRecord{e650026 0:com.genhire/u0a197}
04-01 18:56:46.365  1953  1989 D PreforkProcessScene: handlePreforkStartProcess,args:PreforkArgs entryPoint= android.app.ActivityThread ,niceName = com.genhire ,uid = 10197 ,gid = 10197 ,gids = [I@16c0214 ,runtimeFlags = 17377539 ,mountExternal = 1 ,targetSdkVersion = 35 ,seInfo = default:targetSdkVersion=35:complete ,abi = arm64-v8a ,instructionSet = arm64 ,appDataDir = /data/user/0/com.genhire ,invokeWith = null ,pkgName = com.genhire, zygotePolicyFlags = 1, isTopApp = true, mDisabledCompatChanges = 132649864135634846135772972143231523143539591161145287162547999166236554168419799169897160170233598174042936174042980174043039174227820174228127176926741176926753176926771176926829177438394178038272180326787180326845181136395182811243184838306185004937189229956189969734189969744189969749189969779189969782189970036189970038189970040191513214196254758210856463226439802288912692351566728418924588424093067, pkgDataInfoMap = {com.genhire=Pair{null 478728}}, whitelistedAppDataInfoMap = {com.google.android.gms=Pair{null 3049}}, bindMountAppStorageDirs = false, bindMountAppsData = true ,zygoteArgs = seq=495
04-01 18:56:46.365  1953  1989 D PreforkProcessScene: isPackageSupportPreFork, procName:com.genhire,isSupport:false
04-01 18:56:46.376  1953  3311 D CoreBackPreview: Window{b10f8b2 u0 Splash Screen com.genhire}: Setting back callback OnBackInvokedCallbackInfo{mCallback=android.window.IOnBackInvokedCallback$Stub$Proxy@8112b80, mPriority=0}
04-01 18:56:46.385  1953  1989 I ActivityManager: Start proc 9009:com.genhire/u0a197 for next-top-activity {com.genhire/com.genhire.MainActivity}
04-01 18:56:46.451  1953  3311 D WindowManager: setFocusedApp mFocusedApp = ActivityRecord{dcd1a8b u0 com.genhire/.MainActivity} t17725 d0}displayId = 0Callers = com.android.server.wm.ActivityTaskManagerService.setResumedActivityUncheckLocked:4587 com.android.server.wm.TaskFragment.onActivityStateChanged:826 com.android.server.wm.ActivityRecord.setState:5477 com.android.server.wm.Task.minimalResumeActivityLocked:4804 
04-01 18:56:47.631  1953  2031 D CoreBackPreview: Window{122b812 u0 com.genhire/com.genhire.MainActivity}: Setting back callback OnBackInvokedCallbackInfo{mCallback=android.window.IOnBackInvokedCallback$Stub$Proxy@d3869e0, mPriority=0}
04-01 18:56:48.068  1953  3311 D CoreBackPreview: Window{b10f8b2 u0 Splash Screen com.genhire EXITING}: Setting back callback null
04-01 18:56:48.241  1953  2312 D PerformanceDatabaseControl: queryMem pkgName = com.genhire
04-01 18:56:48.242  1953  2312 D PerformanceDatabaseControl: queryCount pkgName = com.genhire
04-01 18:56:48.242  1953  2312 D PerformanceDatabaseControl: updateDatabase pkgName = com.genhire
04-01 18:56:48.256  1953  2312 D AppStartScene: updateAPPMem:pkgName= com.genhire,memAvail:86
04-01 18:56:52.299  9009  9063 F libc    : Fatal signal 6 (SIGABRT), code -1 (SI_QUEUE) in tid 9063 (mqt_v_js), pid 9009 (com.genhire)
04-01 18:56:52.765  9083  9083 F DEBUG   : Cmdline: com.genhire
04-01 18:56:52.765  9083  9083 F DEBUG   : pid: 9009, tid: 9063, name: mqt_v_js  >>> com.genhire <<<
04-01 18:56:52.765  9083  9083 F DEBUG   :       #04 pc 0000000000c59294  /data/app/~~HA_Zw3e2eyYZxrQrQqqtpQ==/com.genhire-JmqytZywSZBOz5EqIGYx8A==/base.apk!libreactnative.so (react_native_assert_fail+104) (BuildId: 1c5e136921fb55a5)
04-01 18:56:52.765  9083  9083 F DEBUG   :       #05 pc 0000000000782aa4  /data/app/~~HA_Zw3e2eyYZxrQrQqqtpQ==/com.genhire-JmqytZywSZBOz5EqIGYx8A==/base.apk!libappmodules.so (facebook::react::RNSScreenComponentDescriptor::adopt(facebook::react::ShadowNode&) const+428) (BuildId: fac104f613d0df7d7b5d4f574b211ae48603b523)
04-01 18:56:52.765  9083  9083 F DEBUG   :       #06 pc 0000000000782104  /data/app/~~HA_Zw3e2eyYZxrQrQqqtpQ==/com.genhire-JmqytZywSZBOz5EqIGYx8A==/base.apk!libappmodules.so (facebook::react::ConcreteComponentDescriptor<facebook::react::RNSScreenShadowNode>::createShadowNode(facebook::react::ShadowNodeFragment const&, std::__ndk1::shared_ptr<facebook::react::ShadowNodeFamily const> const&) const+136) (BuildId: fac104f613d0df7d7b5d4f574b211ae48603b523)
04-01 18:56:52.765  9083  9083 F DEBUG   :       #07 pc 0000000000e5d1ec  /data/app/~~HA_Zw3e2eyYZxrQrQqqtpQ==/com.genhire-JmqytZywSZBOz5EqIGYx8A==/base.apk!libreactnative.so (facebook::react::UIManager::createNode(int, std::__ndk1::basic_string<char, std::__ndk1::char_traits<char>, std::__ndk1::allocator<char> > const&, int, facebook::react::RawProps, std::__ndk1::shared_ptr<facebook::react::InstanceHandle const>) const+728) (BuildId: 1c5e136921fb55a5)
04-01 18:56:52.765  9083  9083 F DEBUG   :       #08 pc 0000000000e86e70  /data/app/~~HA_Zw3e2eyYZxrQrQqqtpQ==/com.genhire-JmqytZywSZBOz5EqIGYx8A==/base.apk!libreactnative.so (BuildId: 1c5e136921fb55a5)
04-01 18:56:52.765  9083  9083 F DEBUG   :       #09 pc 0000000000e86d0c  /data/app/~~HA_Zw3e2eyYZxrQrQqqtpQ==/com.genhire-JmqytZywSZBOz5EqIGYx8A==/base.apk!libreactnative.so (BuildId: 1c5e136921fb55a5)
04-01 18:56:52.765  9083  9083 F DEBUG   :       #10 pc 0000000000e86c98  /data/app/~~HA_Zw3e2eyYZxrQrQqqtpQ==/com.genhire-JmqytZywSZBOz5EqIGYx8A==/base.apk!libreactnative.so (BuildId: 1c5e136921fb55a5)
04-01 18:56:52.765  9083  9083 F DEBUG   :       #11 pc 0000000000e86c4c  /data/app/~~HA_Zw3e2eyYZxrQrQqqtpQ==/com.genhire-JmqytZywSZBOz5EqIGYx8A==/base.apk!libreactnative.so (BuildId: 1c5e136921fb55a5)
04-01 18:56:52.765  9083  9083 F DEBUG   :       #12 pc 0000000000e85d34  /data/app/~~HA_Zw3e2eyYZxrQrQqqtpQ==/com.genhire-JmqytZywSZBOz5EqIGYx8A==/base.apk!libreactnative.so (BuildId: 1c5e136921fb55a5)
04-01 18:56:52.765  9083  9083 F DEBUG   :       #13 pc 00000000000d962c  /data/app/~~HA_Zw3e2eyYZxrQrQqqtpQ==/com.genhire-JmqytZywSZBOz5EqIGYx8A==/base.apk!libhermes.so (BuildId: 8d7e075d46ac1486c55ad194a286861af120e57e)
04-01 18:56:52.765  9083  9083 F DEBUG   :       #14 pc 0000000000162530  /data/app/~~HA_Zw3e2eyYZxrQrQqqtpQ==/com.genhire-JmqytZywSZBOz5EqIGYx8A==/base.apk!libhermes.so (BuildId: 8d7e075d46ac1486c55ad194a286861af120e57e)
04-01 18:56:52.765  9083  9083 F DEBUG   :       #15 pc 000000000018379c  /data/app/~~HA_Zw3e2eyYZxrQrQqqtpQ==/com.genhire-JmqytZywSZBOz5EqIGYx8A==/base.apk!libhermes.so (BuildId: 8d7e075d46ac1486c55ad194a286861af120e57e)
04-01 18:56:52.765  9083  9083 F DEBUG   :       #16 pc 0000000000182ca4  /data/app/~~HA_Zw3e2eyYZxrQrQqqtpQ==/com.genhire-JmqytZywSZBOz5EqIGYx8A==/base.apk!libhermes.so (BuildId: 8d7e075d46ac1486c55ad194a286861af120e57e)
04-01 18:56:52.765  9083  9083 F DEBUG   :       #17 pc 0000000000162aa8  /data/app/~~HA_Zw3e2eyYZxrQrQqqtpQ==/com.genhire-JmqytZywSZBOz5EqIGYx8A==/base.apk!libhermes.so (BuildId: 8d7e075d46ac1486c55ad194a286861af120e57e)
04-01 18:56:52.765  9083  9083 F DEBUG   :       #18 pc 0000000000161fc8  /data/app/~~HA_Zw3e2eyYZxrQrQqqtpQ==/com.genhire-JmqytZywSZBOz5EqIGYx8A==/base.apk!libhermes.so (BuildId: 8d7e075d46ac1486c55ad194a286861af120e57e)
04-01 18:56:52.765  9083  9083 F DEBUG   :       #19 pc 00000000000d20d4  /data/app/~~HA_Zw3e2eyYZxrQrQqqtpQ==/com.genhire-JmqytZywSZBOz5EqIGYx8A==/base.apk!libhermes.so (BuildId: 8d7e075d46ac1486c55ad194a286861af120e57e)
04-01 18:56:52.765  9083  9083 F DEBUG   :       #20 pc 0000000000943338  /data/app/~~HA_Zw3e2eyYZxrQrQqqtpQ==/com.genhire-JmqytZywSZBOz5EqIGYx8A==/base.apk!libreactnative.so (facebook::jsi::Function::call(facebook::jsi::Runtime&, facebook::jsi::Value const*, unsigned long) const+104) (BuildId: 1c5e136921fb55a5)
04-01 18:56:52.765  9083  9083 F DEBUG   :       #21 pc 0000000000943284  /data/app/~~HA_Zw3e2eyYZxrQrQqqtpQ==/com.genhire-JmqytZywSZBOz5EqIGYx8A==/base.apk!libreactnative.so (facebook::jsi::Function::call(facebook::jsi::Runtime&, std::initializer_list<facebook::jsi::Value>) const+104) (BuildId: 1c5e136921fb55a5)
04-01 18:56:52.765  9083  9083 F DEBUG   :       #22 pc 0000000000e04ea8  /data/app/~~HA_Zw3e2eyYZxrQrQqqtpQ==/com.genhire-JmqytZywSZBOz5EqIGYx8A==/base.apk!libreactnative.so (facebook::react::Task::execute(facebook::jsi::Runtime&, bool)+232) (BuildId: 1c5e136921fb55a5)
04-01 18:56:52.765  9083  9083 F DEBUG   :       #23 pc 0000000000dfc508  /data/app/~~HA_Zw3e2eyYZxrQrQqqtpQ==/com.genhire-JmqytZywSZBOz5EqIGYx8A==/base.apk!libreactnative.so (facebook::react::RuntimeScheduler_Modern::executeTask(facebook::jsi::Runtime&, facebook::react::Task&, bool) const+132) (BuildId: 1c5e136921fb55a5)
04-01 18:56:52.765  9083  9083 F DEBUG   :       #24 pc 0000000000dfcfec  /data/app/~~HA_Zw3e2eyYZxrQrQqqtpQ==/com.genhire-JmqytZywSZBOz5EqIGYx8A==/base.apk!libreactnative.so (facebook::react::RuntimeScheduler_Modern::runEventLoopTick(facebook::jsi::Runtime&, facebook::react::Task&, std::__ndk1::chrono::time_point<std::__ndk1::chrono::steady_clock, std::__ndk1::chrono::duration<long long, std::__ndk1::ratio<1l, 1000000000l> > >)+224) (BuildId: 1c5e136921fb55a5)
04-01 18:56:52.765  9083  9083 F DEBUG   :       #25 pc 0000000000dfcc84  /data/app/~~HA_Zw3e2eyYZxrQrQqqtpQ==/com.genhire-JmqytZywSZBOz5EqIGYx8A==/base.apk!libreactnative.so (facebook::react::RuntimeScheduler_Modern::runEventLoop(facebook::jsi::Runtime&, bool)+192) (BuildId: 1c5e136921fb55a5)
04-01 18:56:52.765  9083  9083 F DEBUG   :       #26 pc 0000000000e0493c  /data/app/~~HA_Zw3e2eyYZxrQrQqqtpQ==/com.genhire-JmqytZywSZBOz5EqIGYx8A==/base.apk!libreactnative.so (BuildId: 1c5e136921fb55a5)
04-01 18:56:52.765  9083  9083 F DEBUG   :       #27 pc 0000000000e04908  /data/app/~~HA_Zw3e2eyYZxrQrQqqtpQ==/com.genhire-JmqytZywSZBOz5EqIGYx8A==/base.apk!libreactnative.so (BuildId: 1c5e136921fb55a5)
04-01 18:56:52.765  9083  9083 F DEBUG   :       #28 pc 0000000000e048b8  /data/app/~~HA_Zw3e2eyYZxrQrQqqtpQ==/com.genhire-JmqytZywSZBOz5EqIGYx8A==/base.apk!libreactnative.so (BuildId: 1c5e136921fb55a5)
04-01 18:56:52.765  9083  9083 F DEBUG   :       #29 pc 0000000000e0488c  /data/app/~~HA_Zw3e2eyYZxrQrQqqtpQ==/com.genhire-JmqytZywSZBOz5EqIGYx8A==/base.apk!libreactnative.so (BuildId: 1c5e136921fb55a5)
04-01 18:56:52.765  9083  9083 F DEBUG   :       #30 pc 0000000000e0397c  /data/app/~~HA_Zw3e2eyYZxrQrQqqtpQ==/com.genhire-JmqytZywSZBOz5EqIGYx8A==/base.apk!libreactnative.so (BuildId: 1c5e136921fb55a5)
04-01 18:56:52.765  9083  9083 F DEBUG   :       #31 pc 000000000092c3bc  /data/app/~~HA_Zw3e2eyYZxrQrQqqtpQ==/com.genhire-JmqytZywSZBOz5EqIGYx8A==/base.apk!libreactnative.so (BuildId: 1c5e136921fb55a5)
04-01 18:56:52.765  9083  9083 F DEBUG   :       #32 pc 000000000092c268  /data/app/~~HA_Zw3e2eyYZxrQrQqqtpQ==/com.genhire-JmqytZywSZBOz5EqIGYx8A==/base.apk!libreactnative.so (BuildId: 1c5e136921fb55a5)
04-01 18:56:52.765  9083  9083 F DEBUG   :       #33 pc 000000000092bfac  /data/app/~~HA_Zw3e2eyYZxrQrQqqtpQ==/com.genhire-JmqytZywSZBOz5EqIGYx8A==/base.apk!libreactnative.so (BuildId: 1c5e136921fb55a5)
04-01 18:56:52.765  9083  9083 F DEBUG   :       #34 pc 000000000092bf14  /data/app/~~HA_Zw3e2eyYZxrQrQqqtpQ==/com.genhire-JmqytZywSZBOz5EqIGYx8A==/base.apk!libreactnative.so (BuildId: 1c5e136921fb55a5)
04-01 18:56:52.765  9083  9083 F DEBUG   :       #35 pc 000000000092becc  /data/app/~~HA_Zw3e2eyYZxrQrQqqtpQ==/com.genhire-JmqytZywSZBOz5EqIGYx8A==/base.apk!libreactnative.so (BuildId: 1c5e136921fb55a5)
04-01 18:56:52.765  9083  9083 F DEBUG   :       #36 pc 000000000092bea8  /data/app/~~HA_Zw3e2eyYZxrQrQqqtpQ==/com.genhire-JmqytZywSZBOz5EqIGYx8A==/base.apk!libreactnative.so (BuildId: 1c5e136921fb55a5)
04-01 18:56:52.765  9083  9083 F DEBUG   :       #37 pc 000000000092af40  /data/app/~~HA_Zw3e2eyYZxrQrQqqtpQ==/com.genhire-JmqytZywSZBOz5EqIGYx8A==/base.apk!libreactnative.so (BuildId: 1c5e136921fb55a5)
04-01 18:56:52.765  9083  9083 F DEBUG   :       #38 pc 0000000000aa0b34  /data/app/~~HA_Zw3e2eyYZxrQrQqqtpQ==/com.genhire-JmqytZywSZBOz5EqIGYx8A==/base.apk!libreactnative.so (BuildId: 1c5e136921fb55a5)
04-01 18:56:52.765  9083  9083 F DEBUG   :       #39 pc 0000000000aa0af8  /data/app/~~HA_Zw3e2eyYZxrQrQqqtpQ==/com.genhire-JmqytZywSZBOz5EqIGYx8A==/base.apk!libreactnative.so (BuildId: 1c5e136921fb55a5)
04-01 18:56:52.766  9083  9083 F DEBUG   :       #40 pc 0000000000ef91e8  /data/app/~~HA_Zw3e2eyYZxrQrQqqtpQ==/com.genhire-JmqytZywSZBOz5EqIGYx8A==/base.apk!libreactnative.so (BuildId: 1c5e136921fb55a5)
04-01 18:56:52.766  9083  9083 F DEBUG   :       #41 pc 0000000000ef918c  /data/app/~~HA_Zw3e2eyYZxrQrQqqtpQ==/com.genhire-JmqytZywSZBOz5EqIGYx8A==/base.apk!libreactnative.so (BuildId: 1c5e136921fb55a5)
04-01 18:56:52.766  9083  9083 F DEBUG   :       #42 pc 0000000000ef9144  /data/app/~~HA_Zw3e2eyYZxrQrQqqtpQ==/com.genhire-JmqytZywSZBOz5EqIGYx8A==/base.apk!libreactnative.so (BuildId: 1c5e136921fb55a5)
04-01 18:56:52.766  9083  9083 F DEBUG   :       #43 pc 0000000000ef9120  /data/app/~~HA_Zw3e2eyYZxrQrQqqtpQ==/com.genhire-JmqytZywSZBOz5EqIGYx8A==/base.apk!libreactnative.so (BuildId: 1c5e136921fb55a5)
04-01 18:56:52.766  9083  9083 F DEBUG   :       #44 pc 0000000000ef828c  /data/app/~~HA_Zw3e2eyYZxrQrQqqtpQ==/com.genhire-JmqytZywSZBOz5EqIGYx8A==/base.apk!libreactnative.so (BuildId: 1c5e136921fb55a5)
04-01 18:56:52.766  9083  9083 F DEBUG   :       #45 pc 0000000000017dd0  /data/app/~~HA_Zw3e2eyYZxrQrQqqtpQ==/com.genhire-JmqytZywSZBOz5EqIGYx8A==/base.apk!libfbjni.so (facebook::jni::detail::MethodWrapper<void (facebook::jni::JNativeRunnable::*)(), &(facebook::jni::JNativeRunnable::run()), facebook::jni::JNativeRunnable, void>::dispatch(facebook::jni::alias_ref<facebook::jni::detail::JTypeFor<facebook::jni::HybridClass<facebook::jni::JNativeRunnable, facebook::jni::JRunnable>::JavaPart, facebook::jni::JRunnable, void>::_javaobject*>)+72) (BuildId: e438f6554af1d86b210a05412e96c4251e570157)
04-01 18:56:52.766  9083  9083 F DEBUG   :       #46 pc 0000000000017d10  /data/app/~~HA_Zw3e2eyYZxrQrQqqtpQ==/com.genhire-JmqytZywSZBOz5EqIGYx8A==/base.apk!libfbjni.so (facebook::jni::detail::FunctionWrapper<void (*)(facebook::jni::alias_ref<facebook::jni::detail::JTypeFor<facebook::jni::HybridClass<facebook::jni::JNativeRunnable, facebook::jni::JRunnable>::JavaPart, facebook::jni::JRunnable, void>::_javaobject*>), facebook::jni::detail::JTypeFor<facebook::jni::HybridClass<facebook::jni::JNativeRunnable, facebook::jni::JRunnable>::JavaPart, facebook::jni::JRunnable, void>::_javaobject*, void>::call(_JNIEnv*, _jobject*, void (*)(facebook::jni::alias_ref<facebook::jni::detail::JTypeFor<facebook::jni::HybridClass<facebook::jni::JNativeRunnable, facebook::jni::JRunnable>::JavaPart, facebook::jni::JRunnable, void>::_javaobject*>))+60) (BuildId: e438f6554af1d86b210a05412e96c4251e570157)
04-01 18:56:52.766  9083  9083 F DEBUG   :       #54 pc 0000000000468cb8  [anon:dalvik-classes.dex extracted in memory from /data/app/~~HA_Zw3e2eyYZxrQrQqqtpQ==/com.genhire-JmqytZywSZBOz5EqIGYx8A==/base.apk] (com.facebook.react.bridge.queue.MessageQueueThreadHandler.dispatchMessage+0)
04-01 18:56:52.766  9083  9083 F DEBUG   :       #64 pc 0000000000469018  [anon:dalvik-classes.dex extracted in memory from /data/app/~~HA_Zw3e2eyYZxrQrQqqtpQ==/com.genhire-JmqytZywSZBOz5EqIGYx8A==/base.apk] (com.facebook.react.bridge.queue.MessageQueueThreadImpl$Companion.startNewBackgroundThread$lambda$1+0)
04-01 18:56:52.766  9083  9083 F DEBUG   :       #69 pc 0000000000468f90  [anon:dalvik-classes.dex extracted in memory from /data/app/~~HA_Zw3e2eyYZxrQrQqqtpQ==/com.genhire-JmqytZywSZBOz5EqIGYx8A==/base.apk] (com.facebook.react.bridge.queue.MessageQueueThreadImpl$Companion.$r8$lambda$ldnZnqelhYFctGaUKkOKYj5rxo4+0)
04-01 18:56:52.766  9083  9083 F DEBUG   :       #74 pc 0000000000468d90  [anon:dalvik-classes.dex extracted in memory from /data/app/~~HA_Zw3e2eyYZxrQrQqqtpQ==/com.genhire-JmqytZywSZBOz5EqIGYx8A==/base.apk] (com.facebook.react.bridge.queue.MessageQueueThreadImpl$Companion$$ExternalSyntheticLambda0.run+0)
04-01 18:56:52.802  1953  9086 W ActivityTaskManager:   Force finishing activity com.genhire/.MainActivity
04-01 18:56:52.826  1953  1979 I ActivityManager: Showing crash dialog for package com.genhire u0
04-01 18:56:52.872  1953  1982 D WindowManager: Focus not requested, because it has no surface or is not focusable, request window=Window{134ee30 u0 Application Error: com.genhire}, mCurrentFocusWindow= 122b812 com.genhire/com.genhire.MainActivity
04-01 18:56:52.872  1953  1979 D CoreBackPreview: Window{134ee30 u0 Application Error: com.genhire}: Setting back callback OnBackInvokedCallbackInfo{mCallback=android.window.WindowOnBackInvokedDispatcher$OnBackInvokedCallbackWrapper@3df95e1, mPriority=0}
04-01 18:56:52.875  1953  1982 W WindowManager: Failed to deliver inset state change to w=Window{122b812 u0 com.genhire/com.genhire.MainActivity}
04-01 18:56:52.895  1953  2031 I ActivityManager: Process com.genhire (pid 9009) has died: prcp TOP 
04-01 18:56:52.898  1953  2030 I WindowManager: WIN DEATH: Window{122b812 u0 com.genhire/com.genhire.MainActivity}
04-01 18:56:52.900  1953  9086 W WindowManager:   Force finishing activity com.genhire/.MainActivity
04-01 18:56:52.904  1953  1979 D CoreBackPreview: Window{134ee30 u0 Application Error: com.genhire}: Setting back callback null
04-01 18:56:52.916  1953  1979 W WindowManager: Failed to deliver inset state change to w=Window{122b812 u0 com.genhire/com.genhire.MainActivity EXITING}
04-01 18:56:52.917  1953  9086 W ActivityManager: Ignoring remove of inactive process: ProcessRecord{e650026 0:com.genhire/u0a197}
04-01 18:56:52.927  1953  1982 W WindowManager: Failed to deliver inset state change to w=Window{122b812 u0 com.genhire/com.genhire.MainActivity EXITING}
04-01 18:56:52.936  1953  1982 W WindowManager: Exception thrown during dispatchAppVisibility Window{122b812 u0 com.genhire/com.genhire.MainActivity EXITING}
04-01 18:57:31.898  1953  3311 I ActivityTaskManager: START u0 {act=android.intent.action.MAIN cat=[android.intent.category.LAUNCHER] flg=0x10100000 cmp=com.genhire/.MainActivity} from uid 2000, pid -1
04-01 18:57:31.902  1953  2312 D PerformanceDatabaseControl: queryMem pkgName = com.genhire
04-01 18:57:31.902  1953  3311 I ActivityTaskManager: ->startActivity for ActivityRecord{c0ffdb7 u0 com.genhire/.MainActivity} t17725 d0} result:START_SUCCESS
04-01 18:57:31.902  1953  2312 D AppStartScene: doFastKillForAppStart:com.genhire,memAvail:86
04-01 18:57:31.907  1953  1989 D ActivityManager: asking zygote to start proc:ProcessRecord{effee42 0:com.genhire/u0a197}
04-01 18:57:31.907  1953  1989 D PreforkProcessScene: handlePreforkStartProcess,args:PreforkArgs entryPoint= android.app.ActivityThread ,niceName = com.genhire ,uid = 10197 ,gid = 10197 ,gids = [I@69cbe53 ,runtimeFlags = 17377539 ,mountExternal = 1 ,targetSdkVersion = 35 ,seInfo = default:targetSdkVersion=35:complete ,abi = arm64-v8a ,instructionSet = arm64 ,appDataDir = /data/user/0/com.genhire ,invokeWith = null ,pkgName = com.genhire, zygotePolicyFlags = 1, isTopApp = true, mDisabledCompatChanges = 132649864135634846135772972143231523143539591161145287162547999166236554168419799169897160170233598174042936174042980174043039174227820174228127176926741176926753176926771176926829177438394178038272180326787180326845181136395182811243184838306185004937189229956189969734189969744189969749189969779189969782189970036189970038189970040191513214196254758210856463226439802288912692351566728418924588424093067, pkgDataInfoMap = {com.genhire=Pair{null 478728}}, whitelistedAppDataInfoMap = {com.google.android.gms=Pair{null 3049}}, bindMountAppStorageDirs = false, bindMountAppsData = true ,zygoteArgs = seq=496
04-01 18:57:31.907  1953  1989 D PreforkProcessScene: isPackageSupportPreFork, procName:com.genhire,isSupport:false
04-01 18:57:31.921  1953  3311 D CoreBackPreview: Window{e22ac8e u0 Splash Screen com.genhire}: Setting back callback OnBackInvokedCallbackInfo{mCallback=android.window.IOnBackInvokedCallback$Stub$Proxy@9be48bc, mPriority=0}
04-01 18:57:31.933  1953  1989 I ActivityManager: Start proc 9111:com.genhire/u0a197 for next-top-activity {com.genhire/com.genhire.MainActivity}
04-01 18:57:31.944  9111  9111 I com.genhire: Late-enabling -Xcheck:jni
